2025-11-09 22:19:58,750 - __main__ - INFO - åˆå§‹åŒ–é‚®ç®±ç®¡ç†ç³»ç»Ÿ
2025-11-09 22:19:58,751 - __main__ - INFO - é…ç½®éªŒè¯é€šè¿‡
2025-11-09 22:19:58,751 - src.services.qq_email_client - INFO - åˆå§‹åŒ–QQé‚®ç®±å®¢æˆ·ç«¯: 1016194798@qq.com
2025-11-09 22:19:58,884 - src.services.rag_service - INFO - ä½¿ç”¨Qwen embeddingæ¨¡å‹: Qwen/Qwen3-Embedding-8B
2025-11-09 22:19:58,918 - src.services.rag_service - INFO - ä½¿ç”¨Gemini LLMæ¨¡å‹: gemini-2.5-pro
2025-11-09 22:19:58,918 - src.services.rag_service - INFO - åŠ è½½ç°æœ‰å‘é‡æ•°æ®åº“
2025-11-09 22:19:58,919 - faiss.loader - INFO - Loading faiss with AVX2 support.
2025-11-09 22:19:58,933 - faiss.loader - INFO - Successfully loaded faiss with AVX2 support.
2025-11-09 22:19:58,937 - src.services.rag_service - INFO - QAé“¾åˆå§‹åŒ–å®Œæˆ
2025-11-09 22:19:58,937 - src.services.qq_email_client - INFO - åˆå§‹åŒ–QQé‚®ç®±å®¢æˆ·ç«¯: your_smtp_username
2025-11-09 22:19:58,937 - src.services.qq_email_client - INFO - åˆå§‹åŒ–QQé‚®ç®±å®¢æˆ·ç«¯: 1016194798@qq.com
2025-11-09 22:19:58,937 - __main__ - INFO - åˆ›å»ºç›®å½•: ./vector_db
2025-11-09 22:19:58,937 - __main__ - INFO - åˆ›å»ºç›®å½•: ./logs
2025-11-09 22:19:58,937 - __main__ - INFO - åˆ›å»ºç›®å½•: ./data
2025-11-09 22:19:58,937 - __main__ - INFO - é‚®ç®±ç®¡ç†ç³»ç»Ÿåˆå§‹åŒ–å®Œæˆ
2025-11-09 22:19:58,937 - __main__ - INFO - å¼€å§‹æµ‹è¯•ç³»ç»ŸåŠŸèƒ½
2025-11-09 22:19:58,937 - __main__ - INFO - æµ‹è¯•é‚®ä»¶æ¥æ”¶åŠŸèƒ½
2025-11-09 22:19:59,770 - src.services.qq_email_client - INFO - æˆåŠŸè¿æ¥åˆ°IMAPæœåŠ¡å™¨: imap.qq.com
2025-11-09 22:19:59,770 - __main__ - INFO - é‚®ä»¶æ¥æ”¶åŠŸèƒ½æµ‹è¯•æˆåŠŸ
2025-11-09 22:19:59,770 - src.services.qq_email_client - ERROR - æ–­å¼€IMAPè¿æ¥æ—¶å‡ºé”™: command CLOSE illegal in state AUTH, only allowed in states SELECTED
2025-11-09 22:19:59,771 - __main__ - INFO - æµ‹è¯•é€šçŸ¥åŠŸèƒ½
2025-11-09 22:19:59,771 - src.services.notification_service - INFO - æµ‹è¯•é€šçŸ¥åŠŸèƒ½
2025-11-09 22:19:59,772 - src.services.qq_email_client - INFO - æ­£åœ¨è¿æ¥SMTPæœåŠ¡å™¨...
2025-11-09 22:19:59,772 - src.services.qq_email_client - INFO - ä½¿ç”¨SSLè¿æ¥åˆ° smtp.qq.com:465
2025-11-09 22:20:00,282 - src.services.qq_email_client - ERROR - é‚®ç®±ç™»å½•å¤±è´¥: Connection unexpectedly closed
2025-11-09 22:20:00,283 - src.services.qq_email_client - ERROR - å‘é€é‚®ä»¶å¤±è´¥: é‚®ç®±ç™»å½•å¤±è´¥: Connection unexpectedly closed
2025-11-09 22:20:00,286 - src.services.qq_email_client - ERROR - è¯¦ç»†é”™è¯¯ä¿¡æ¯: Traceback (most recent call last):
  File "/home/position/python/email/src/services/qq_email_client.py", line 119, in send_email
    server.login(self.qq_email, self.auth_code)
  File "/home/position/miniconda3/envs/llm/lib/python3.12/smtplib.py", line 739, in login
    (code, resp) = self.auth(
                   ^^^^^^^^^^
  File "/home/position/miniconda3/envs/llm/lib/python3.12/smtplib.py", line 642, in auth
    (code, resp) = self.docmd("AUTH", mechanism + " " + response)
                   ^^^^^^^^^^^^^^^^^^^^^^^^^^^^^^^^^^^^^^^^^^^^^^
  File "/home/position/miniconda3/envs/llm/lib/python3.12/smtplib.py", line 432, in docmd
    return self.getreply()
           ^^^^^^^^^^^^^^^
  File "/home/position/miniconda3/envs/llm/lib/python3.12/smtplib.py", line 405, in getreply
    raise SMTPServerDisconnected("Connection unexpectedly closed")
smtplib.SMTPServerDisconnected: Connection unexpectedly closed

During handling of the above exception, another exception occurred:

Traceback (most recent call last):
  File "/home/position/python/email/src/services/qq_email_client.py", line 123, in send_email
    raise Exception(f"é‚®ç®±ç™»å½•å¤±è´¥: {str(login_error)}")
Exception: é‚®ç®±ç™»å½•å¤±è´¥: Connection unexpectedly closed

2025-11-09 22:20:00,286 - src.services.notification_service - ERROR - é€šçŸ¥åŠŸèƒ½æµ‹è¯•å¤±è´¥
2025-11-09 22:20:00,286 - __main__ - WARNING - é€šçŸ¥åŠŸèƒ½æµ‹è¯•å¤±è´¥
2025-11-09 22:20:00,286 - __main__ - INFO - æµ‹è¯•RAGåŠŸèƒ½
2025-11-09 22:20:00,286 - __main__ - INFO - RAGç»Ÿè®¡ä¿¡æ¯: {'total_emails': 1, 'vector_db_path': './vector_db', 'last_updated': '2025-11-09T22:20:00.286672'}
2025-11-09 22:20:00,286 - __main__ - INFO - ç³»ç»ŸåŠŸèƒ½æµ‹è¯•å®Œæˆ
2025-11-09 22:20:00,286 - __main__ - INFO - å¯åŠ¨é‚®ç®±ç®¡ç†ç³»ç»Ÿ
2025-11-09 22:20:00,287 - __main__ - INFO - å¯åŠ¨é‚®ä»¶æ£€æŸ¥å¾ªç¯
2025-11-09 22:20:00,287 - __main__ - INFO - å¯åŠ¨Web API
2025-11-09 22:20:00,287 - __main__ - INFO - æ£€æŸ¥æ–°é‚®ä»¶
2025-11-09 22:20:00,301 - werkzeug - INFO - [31m[1mWARNING: This is a development server. Do not use it in a production deployment. Use a production WSGI server instead.[0m
 * Running on all addresses (0.0.0.0)
 * Running on http://127.0.0.1:5000
 * Running on http://192.168.1.102:5000
2025-11-09 22:20:00,301 - werkzeug - INFO - [33mPress CTRL+C to quit[0m
2025-11-09 22:20:00,788 - src.services.qq_email_client - INFO - æˆåŠŸè¿æ¥åˆ°IMAPæœåŠ¡å™¨: imap.qq.com
2025-11-09 22:20:01,084 - src.services.qq_email_client - INFO - æ‰¾åˆ° 10 å°é‚®ä»¶
2025-11-09 22:20:01,287 - src.services.qq_email_client - ERROR - è·å–é‚®ä»¶ b'402' æ—¶å‡ºé”™: expected string or bytes-like object, got 'Header'
2025-11-15 17:00:23,162 - __main__ - INFO - åˆå§‹åŒ–é‚®ç®±ç®¡ç†ç³»ç»Ÿ
2025-11-15 17:00:23,162 - __main__ - INFO - é…ç½®éªŒè¯é€šè¿‡
2025-11-15 17:00:23,163 - src.services.school_email_client - INFO - åˆå§‹åŒ–å­¦æ ¡é‚®ç®±å®¢æˆ·ç«¯: position@school.edu.cn
2025-11-15 17:00:23,392 - src.services.rag_service - INFO - ä½¿ç”¨Qwen embeddingæ¨¡å‹: Qwen/Qwen3-Embedding-8B
2025-11-15 17:00:23,409 - src.services.rag_service - INFO - ä½¿ç”¨Gemini LLMæ¨¡å‹: gemini-2.5-pro
2025-11-15 17:00:23,409 - src.services.rag_service - INFO - åŠ è½½ç°æœ‰å‘é‡æ•°æ®åº“
2025-11-15 17:00:23,411 - faiss.loader - INFO - Loading faiss with AVX512 support.
2025-11-15 17:00:23,444 - faiss.loader - INFO - Successfully loaded faiss with AVX512 support.
2025-11-15 17:00:23,455 - src.services.rag_service - INFO - QAé“¾åˆå§‹åŒ–å®Œæˆ
2025-11-15 17:00:23,455 - src.services.school_email_client - INFO - åˆå§‹åŒ–å­¦æ ¡é‚®ç®±å®¢æˆ·ç«¯: your_smtp_username
2025-11-15 17:00:23,455 - src.services.school_email_client - INFO - åˆå§‹åŒ–å­¦æ ¡é‚®ç®±å®¢æˆ·ç«¯: position@school.edu.cn
2025-11-15 17:00:23,455 - __main__ - INFO - åˆ›å»ºç›®å½•: ./vector_db
2025-11-15 17:00:23,455 - __main__ - INFO - åˆ›å»ºç›®å½•: ./logs
2025-11-15 17:00:23,455 - __main__ - INFO - åˆ›å»ºç›®å½•: ./data
2025-11-15 17:00:23,455 - __main__ - INFO - é‚®ç®±ç®¡ç†ç³»ç»Ÿåˆå§‹åŒ–å®Œæˆ
2025-11-15 17:00:23,455 - __main__ - INFO - å¼€å§‹æµ‹è¯•ç³»ç»ŸåŠŸèƒ½
2025-11-15 17:00:23,455 - __main__ - INFO - æµ‹è¯•é‚®ä»¶æ¥æ”¶åŠŸèƒ½
2025-11-15 17:00:33,642 - src.services.school_email_client - ERROR - è¿æ¥IMAPæœåŠ¡å™¨å¤±è´¥: b'LOGIN failed'
2025-11-15 17:00:33,642 - __main__ - ERROR - é‚®ä»¶æ¥æ”¶åŠŸèƒ½æµ‹è¯•å¤±è´¥
2025-11-15 17:00:33,643 - __main__ - INFO - æµ‹è¯•é€šçŸ¥åŠŸèƒ½
2025-11-15 17:00:33,643 - src.services.notification_service - INFO - æµ‹è¯•é€šçŸ¥åŠŸèƒ½
2025-11-15 17:00:33,643 - src.services.school_email_client - INFO - æ­£åœ¨è¿æ¥SMTPæœåŠ¡å™¨...
2025-11-15 17:00:33,643 - src.services.school_email_client - INFO - ä½¿ç”¨SSLè¿æ¥åˆ° mail.sjtu.edu.cn:465
2025-11-15 17:00:34,173 - src.services.school_email_client - ERROR - é‚®ç®±ç™»å½•å¤±è´¥: (535, b'5.7.8 Error: authentication failed: authentication failure')
2025-11-15 17:00:34,174 - src.services.school_email_client - ERROR - å‘é€é‚®ä»¶å¤±è´¥: é‚®ç®±ç™»å½•å¤±è´¥: (535, b'5.7.8 Error: authentication failed: authentication failure')
2025-11-15 17:00:34,177 - src.services.school_email_client - ERROR - è¯¦ç»†é”™è¯¯ä¿¡æ¯: Traceback (most recent call last):
  File "/home/lighthouse/llm_email/src/services/school_email_client.py", line 119, in send_email
    server.login(self.school_email, self.password)
  File "/root/miniconda3/envs/llm/lib/python3.11/smtplib.py", line 750, in login
    raise last_exception
  File "/root/miniconda3/envs/llm/lib/python3.11/smtplib.py", line 739, in login
    (code, resp) = self.auth(
                   ^^^^^^^^^^
  File "/root/miniconda3/envs/llm/lib/python3.11/smtplib.py", line 662, in auth
    raise SMTPAuthenticationError(code, resp)
smtplib.SMTPAuthenticationError: (535, b'5.7.8 Error: authentication failed: authentication failure')

During handling of the above exception, another exception occurred:

Traceback (most recent call last):
  File "/home/lighthouse/llm_email/src/services/school_email_client.py", line 123, in send_email
    raise Exception(f"é‚®ç®±ç™»å½•å¤±è´¥: {str(login_error)}")
Exception: é‚®ç®±ç™»å½•å¤±è´¥: (535, b'5.7.8 Error: authentication failed: authentication failure')

2025-11-15 17:00:34,184 - src.services.notification_service - ERROR - é€šçŸ¥åŠŸèƒ½æµ‹è¯•å¤±è´¥
2025-11-15 17:00:34,184 - __main__ - WARNING - é€šçŸ¥åŠŸèƒ½æµ‹è¯•å¤±è´¥
2025-11-15 17:00:34,184 - __main__ - INFO - æµ‹è¯•RAGåŠŸèƒ½
2025-11-15 17:00:34,184 - __main__ - INFO - RAGç»Ÿè®¡ä¿¡æ¯: {'total_emails': 1, 'vector_db_path': './vector_db', 'last_updated': '2025-11-15T17:00:34.184283'}
2025-11-15 17:00:34,184 - __main__ - INFO - ç³»ç»ŸåŠŸèƒ½æµ‹è¯•å®Œæˆ
2025-11-15 17:00:34,184 - __main__ - INFO - å¯åŠ¨é‚®ç®±ç®¡ç†ç³»ç»Ÿ
2025-11-15 17:00:34,184 - __main__ - INFO - å¯åŠ¨é‚®ä»¶æ£€æŸ¥å¾ªç¯
2025-11-15 17:00:34,184 - __main__ - INFO - å¯åŠ¨Web API
2025-11-15 17:00:34,184 - __main__ - INFO - æ£€æŸ¥æ–°é‚®ä»¶
2025-11-15 17:00:34,192 - werkzeug - INFO - [31m[1mWARNING: This is a development server. Do not use it in a production deployment. Use a production WSGI server instead.[0m
 * Running on all addresses (0.0.0.0)
 * Running on http://127.0.0.1:5000
 * Running on http://10.0.0.11:5000
2025-11-15 17:00:34,192 - werkzeug - INFO - [33mPress CTRL+C to quit[0m
2025-11-15 17:00:44,327 - src.services.school_email_client - ERROR - è¿æ¥IMAPæœåŠ¡å™¨å¤±è´¥: b'LOGIN failed'
2025-11-15 17:00:44,328 - __main__ - INFO - æ²¡æœ‰æ–°é‚®ä»¶
2025-11-15 17:02:34,523 - __main__ - INFO - åˆå§‹åŒ–é‚®ç®±ç®¡ç†ç³»ç»Ÿ
2025-11-15 17:02:34,524 - __main__ - INFO - é…ç½®éªŒè¯é€šè¿‡
2025-11-15 17:02:34,524 - src.services.school_email_client - INFO - åˆå§‹åŒ–å­¦æ ¡é‚®ç®±å®¢æˆ·ç«¯: position@school.edu.cn
2025-11-15 17:02:34,727 - src.services.rag_service - INFO - ä½¿ç”¨Qwen embeddingæ¨¡å‹: Qwen/Qwen3-Embedding-8B
2025-11-15 17:02:34,743 - src.services.rag_service - INFO - ä½¿ç”¨Gemini LLMæ¨¡å‹: gemini-2.5-pro
2025-11-15 17:02:34,743 - src.services.rag_service - INFO - åŠ è½½ç°æœ‰å‘é‡æ•°æ®åº“
2025-11-15 17:02:34,744 - faiss.loader - INFO - Loading faiss with AVX512 support.
2025-11-15 17:02:34,766 - faiss.loader - INFO - Successfully loaded faiss with AVX512 support.
2025-11-15 17:02:34,771 - src.services.rag_service - INFO - QAé“¾åˆå§‹åŒ–å®Œæˆ
2025-11-15 17:02:34,771 - src.services.school_email_client - INFO - åˆå§‹åŒ–å­¦æ ¡é‚®ç®±å®¢æˆ·ç«¯: your_notification_smtp_username
2025-11-15 17:02:34,771 - src.services.school_email_client - INFO - åˆå§‹åŒ–å­¦æ ¡é‚®ç®±å®¢æˆ·ç«¯: position@school.edu.cn
2025-11-15 17:02:34,771 - __main__ - INFO - åˆ›å»ºç›®å½•: ./vector_db
2025-11-15 17:02:34,771 - __main__ - INFO - åˆ›å»ºç›®å½•: ./logs
2025-11-15 17:02:34,771 - __main__ - INFO - åˆ›å»ºç›®å½•: ./data
2025-11-15 17:02:34,771 - __main__ - INFO - é‚®ç®±ç®¡ç†ç³»ç»Ÿåˆå§‹åŒ–å®Œæˆ
2025-11-15 17:02:34,771 - __main__ - INFO - å¼€å§‹æµ‹è¯•ç³»ç»ŸåŠŸèƒ½
2025-11-15 17:02:34,771 - __main__ - INFO - æµ‹è¯•é‚®ä»¶æ¥æ”¶åŠŸèƒ½
2025-11-15 17:02:44,895 - src.services.school_email_client - ERROR - è¿æ¥IMAPæœåŠ¡å™¨å¤±è´¥: b'LOGIN failed'
2025-11-15 17:02:44,896 - __main__ - ERROR - é‚®ä»¶æ¥æ”¶åŠŸèƒ½æµ‹è¯•å¤±è´¥
2025-11-15 17:02:44,896 - __main__ - INFO - æµ‹è¯•é€šçŸ¥åŠŸèƒ½
2025-11-15 17:02:44,896 - src.services.notification_service - INFO - æµ‹è¯•é€šçŸ¥åŠŸèƒ½
2025-11-15 17:02:44,896 - src.services.school_email_client - INFO - æ­£åœ¨è¿æ¥SMTPæœåŠ¡å™¨...
2025-11-15 17:02:44,896 - src.services.school_email_client - INFO - ä½¿ç”¨SSLè¿æ¥åˆ° mail.sjtu.edu.cn:465
2025-11-15 17:02:45,308 - src.services.school_email_client - ERROR - é‚®ç®±ç™»å½•å¤±è´¥: (535, b'5.7.8 Error: authentication failed: authentication failure')
2025-11-15 17:02:45,308 - src.services.school_email_client - ERROR - å‘é€é‚®ä»¶å¤±è´¥: é‚®ç®±ç™»å½•å¤±è´¥: (535, b'5.7.8 Error: authentication failed: authentication failure')
2025-11-15 17:02:45,309 - src.services.school_email_client - ERROR - è¯¦ç»†é”™è¯¯ä¿¡æ¯: Traceback (most recent call last):
  File "/home/lighthouse/llm_email/src/services/school_email_client.py", line 119, in send_email
    server.login(self.school_email, self.password)
  File "/root/miniconda3/envs/llm/lib/python3.11/smtplib.py", line 750, in login
    raise last_exception
  File "/root/miniconda3/envs/llm/lib/python3.11/smtplib.py", line 739, in login
    (code, resp) = self.auth(
                   ^^^^^^^^^^
  File "/root/miniconda3/envs/llm/lib/python3.11/smtplib.py", line 662, in auth
    raise SMTPAuthenticationError(code, resp)
smtplib.SMTPAuthenticationError: (535, b'5.7.8 Error: authentication failed: authentication failure')

During handling of the above exception, another exception occurred:

Traceback (most recent call last):
  File "/home/lighthouse/llm_email/src/services/school_email_client.py", line 123, in send_email
    raise Exception(f"é‚®ç®±ç™»å½•å¤±è´¥: {str(login_error)}")
Exception: é‚®ç®±ç™»å½•å¤±è´¥: (535, b'5.7.8 Error: authentication failed: authentication failure')

2025-11-15 17:02:45,316 - src.services.notification_service - ERROR - é€šçŸ¥åŠŸèƒ½æµ‹è¯•å¤±è´¥
2025-11-15 17:02:45,316 - __main__ - WARNING - é€šçŸ¥åŠŸèƒ½æµ‹è¯•å¤±è´¥
2025-11-15 17:02:45,316 - __main__ - INFO - æµ‹è¯•RAGåŠŸèƒ½
2025-11-15 17:02:45,316 - __main__ - INFO - RAGç»Ÿè®¡ä¿¡æ¯: {'total_emails': 1, 'vector_db_path': './vector_db', 'last_updated': '2025-11-15T17:02:45.316378'}
2025-11-15 17:02:45,316 - __main__ - INFO - ç³»ç»ŸåŠŸèƒ½æµ‹è¯•å®Œæˆ
2025-11-15 17:02:45,316 - __main__ - INFO - å¯åŠ¨é‚®ç®±ç®¡ç†ç³»ç»Ÿ
2025-11-15 17:02:45,316 - __main__ - INFO - å¯åŠ¨é‚®ä»¶æ£€æŸ¥å¾ªç¯
2025-11-15 17:02:45,316 - __main__ - INFO - å¯åŠ¨Web API
2025-11-15 17:02:45,317 - __main__ - INFO - æ£€æŸ¥æ–°é‚®ä»¶
2025-11-15 17:02:45,324 - werkzeug - INFO - [31m[1mWARNING: This is a development server. Do not use it in a production deployment. Use a production WSGI server instead.[0m
 * Running on all addresses (0.0.0.0)
 * Running on http://127.0.0.1:5000
 * Running on http://10.0.0.11:5000
2025-11-15 17:02:45,324 - werkzeug - INFO - [33mPress CTRL+C to quit[0m
2025-11-15 17:02:55,504 - src.services.school_email_client - ERROR - è¿æ¥IMAPæœåŠ¡å™¨å¤±è´¥: b'LOGIN failed'
2025-11-15 17:02:55,505 - __main__ - INFO - æ²¡æœ‰æ–°é‚®ä»¶
2025-11-15 17:05:35,413 - __main__ - INFO - åˆå§‹åŒ–é‚®ç®±ç®¡ç†ç³»ç»Ÿ
2025-11-15 17:05:35,413 - __main__ - INFO - é…ç½®éªŒè¯é€šè¿‡
2025-11-15 17:05:35,414 - src.services.school_email_client - INFO - åˆå§‹åŒ–å­¦æ ¡é‚®ç®±å®¢æˆ·ç«¯: position@school.edu.cn
2025-11-15 17:05:35,617 - src.services.rag_service - INFO - ä½¿ç”¨Qwen embeddingæ¨¡å‹: Qwen/Qwen3-Embedding-8B
2025-11-15 17:05:35,633 - src.services.rag_service - INFO - ä½¿ç”¨Gemini LLMæ¨¡å‹: gemini-2.5-pro
2025-11-15 17:05:35,634 - src.services.rag_service - INFO - åŠ è½½ç°æœ‰å‘é‡æ•°æ®åº“
2025-11-15 17:05:35,634 - faiss.loader - INFO - Loading faiss with AVX512 support.
2025-11-15 17:05:35,660 - faiss.loader - INFO - Successfully loaded faiss with AVX512 support.
2025-11-15 17:05:35,665 - src.services.rag_service - INFO - QAé“¾åˆå§‹åŒ–å®Œæˆ
2025-11-15 17:05:35,665 - src.services.school_email_client - INFO - åˆå§‹åŒ–å­¦æ ¡é‚®ç®±å®¢æˆ·ç«¯: position@school.edu.cn
2025-11-15 17:05:35,665 - src.services.school_email_client - INFO - åˆå§‹åŒ–å­¦æ ¡é‚®ç®±å®¢æˆ·ç«¯: position@school.edu.cn
2025-11-15 17:05:35,665 - __main__ - INFO - åˆ›å»ºç›®å½•: ./vector_db
2025-11-15 17:05:35,665 - __main__ - INFO - åˆ›å»ºç›®å½•: ./logs
2025-11-15 17:05:35,665 - __main__ - INFO - åˆ›å»ºç›®å½•: ./data
2025-11-15 17:05:35,665 - __main__ - INFO - é‚®ç®±ç®¡ç†ç³»ç»Ÿåˆå§‹åŒ–å®Œæˆ
2025-11-15 17:05:35,665 - __main__ - INFO - å¼€å§‹æµ‹è¯•ç³»ç»ŸåŠŸèƒ½
2025-11-15 17:05:35,665 - __main__ - INFO - æµ‹è¯•é‚®ä»¶æ¥æ”¶åŠŸèƒ½
2025-11-15 17:05:45,814 - src.services.school_email_client - ERROR - è¿æ¥IMAPæœåŠ¡å™¨å¤±è´¥: b'LOGIN failed'
2025-11-15 17:05:45,815 - __main__ - ERROR - é‚®ä»¶æ¥æ”¶åŠŸèƒ½æµ‹è¯•å¤±è´¥
2025-11-15 17:05:45,815 - __main__ - INFO - æµ‹è¯•é€šçŸ¥åŠŸèƒ½
2025-11-15 17:05:45,815 - src.services.notification_service - INFO - æµ‹è¯•é€šçŸ¥åŠŸèƒ½
2025-11-15 17:05:45,815 - src.services.school_email_client - INFO - æ­£åœ¨è¿æ¥SMTPæœåŠ¡å™¨...
2025-11-15 17:05:45,815 - src.services.school_email_client - INFO - ä½¿ç”¨SSLè¿æ¥åˆ° mail.sjtu.edu.cn:465
2025-11-15 17:05:48,018 - src.services.school_email_client - ERROR - é‚®ç®±ç™»å½•å¤±è´¥: (535, b'5.7.8 Error: authentication failed: authentication failure')
2025-11-15 17:05:48,018 - src.services.school_email_client - ERROR - å‘é€é‚®ä»¶å¤±è´¥: é‚®ç®±ç™»å½•å¤±è´¥: (535, b'5.7.8 Error: authentication failed: authentication failure')
2025-11-15 17:05:48,019 - src.services.school_email_client - ERROR - è¯¦ç»†é”™è¯¯ä¿¡æ¯: Traceback (most recent call last):
  File "/home/lighthouse/llm_email/src/services/school_email_client.py", line 119, in send_email
    server.login(self.school_email, self.password)
  File "/root/miniconda3/envs/llm/lib/python3.11/smtplib.py", line 750, in login
    raise last_exception
  File "/root/miniconda3/envs/llm/lib/python3.11/smtplib.py", line 739, in login
    (code, resp) = self.auth(
                   ^^^^^^^^^^
  File "/root/miniconda3/envs/llm/lib/python3.11/smtplib.py", line 662, in auth
    raise SMTPAuthenticationError(code, resp)
smtplib.SMTPAuthenticationError: (535, b'5.7.8 Error: authentication failed: authentication failure')

During handling of the above exception, another exception occurred:

Traceback (most recent call last):
  File "/home/lighthouse/llm_email/src/services/school_email_client.py", line 123, in send_email
    raise Exception(f"é‚®ç®±ç™»å½•å¤±è´¥: {str(login_error)}")
Exception: é‚®ç®±ç™»å½•å¤±è´¥: (535, b'5.7.8 Error: authentication failed: authentication failure')

2025-11-15 17:05:48,026 - src.services.notification_service - ERROR - é€šçŸ¥åŠŸèƒ½æµ‹è¯•å¤±è´¥
2025-11-15 17:05:48,026 - __main__ - WARNING - é€šçŸ¥åŠŸèƒ½æµ‹è¯•å¤±è´¥
2025-11-15 17:05:48,026 - __main__ - INFO - æµ‹è¯•RAGåŠŸèƒ½
2025-11-15 17:05:48,026 - __main__ - INFO - RAGç»Ÿè®¡ä¿¡æ¯: {'total_emails': 1, 'vector_db_path': './vector_db', 'last_updated': '2025-11-15T17:05:48.026676'}
2025-11-15 17:05:48,026 - __main__ - INFO - ç³»ç»ŸåŠŸèƒ½æµ‹è¯•å®Œæˆ
2025-11-15 17:05:48,026 - __main__ - INFO - å¯åŠ¨é‚®ç®±ç®¡ç†ç³»ç»Ÿ
2025-11-15 17:05:48,027 - __main__ - INFO - å¯åŠ¨é‚®ä»¶æ£€æŸ¥å¾ªç¯
2025-11-15 17:05:48,027 - __main__ - INFO - å¯åŠ¨Web API
2025-11-15 17:05:48,027 - __main__ - INFO - æ£€æŸ¥æ–°é‚®ä»¶
2025-11-15 17:05:48,034 - werkzeug - INFO - [31m[1mWARNING: This is a development server. Do not use it in a production deployment. Use a production WSGI server instead.[0m
 * Running on all addresses (0.0.0.0)
 * Running on http://127.0.0.1:5000
 * Running on http://10.0.0.11:5000
2025-11-15 17:05:48,034 - werkzeug - INFO - [33mPress CTRL+C to quit[0m
2025-11-15 17:05:58,157 - src.services.school_email_client - ERROR - è¿æ¥IMAPæœåŠ¡å™¨å¤±è´¥: b'LOGIN failed'
2025-11-15 17:05:58,158 - __main__ - INFO - æ²¡æœ‰æ–°é‚®ä»¶
2025-11-15 17:06:04,581 - __main__ - INFO - åˆå§‹åŒ–é‚®ç®±ç®¡ç†ç³»ç»Ÿ
2025-11-15 17:06:04,582 - __main__ - INFO - é…ç½®éªŒè¯é€šè¿‡
2025-11-15 17:06:04,582 - src.services.school_email_client - INFO - åˆå§‹åŒ–å­¦æ ¡é‚®ç®±å®¢æˆ·ç«¯: position@sjtu.edu.cn
2025-11-15 17:06:04,783 - src.services.rag_service - INFO - ä½¿ç”¨Qwen embeddingæ¨¡å‹: Qwen/Qwen3-Embedding-8B
2025-11-15 17:06:04,799 - src.services.rag_service - INFO - ä½¿ç”¨Gemini LLMæ¨¡å‹: gemini-2.5-pro
2025-11-15 17:06:04,799 - src.services.rag_service - INFO - åŠ è½½ç°æœ‰å‘é‡æ•°æ®åº“
2025-11-15 17:06:04,800 - faiss.loader - INFO - Loading faiss with AVX512 support.
2025-11-15 17:06:04,821 - faiss.loader - INFO - Successfully loaded faiss with AVX512 support.
2025-11-15 17:06:04,826 - src.services.rag_service - INFO - QAé“¾åˆå§‹åŒ–å®Œæˆ
2025-11-15 17:06:04,826 - src.services.school_email_client - INFO - åˆå§‹åŒ–å­¦æ ¡é‚®ç®±å®¢æˆ·ç«¯: position@sjtu.edu.cn
2025-11-15 17:06:04,826 - src.services.school_email_client - INFO - åˆå§‹åŒ–å­¦æ ¡é‚®ç®±å®¢æˆ·ç«¯: position@sjtu.edu.cn
2025-11-15 17:06:04,826 - __main__ - INFO - åˆ›å»ºç›®å½•: ./vector_db
2025-11-15 17:06:04,826 - __main__ - INFO - åˆ›å»ºç›®å½•: ./logs
2025-11-15 17:06:04,826 - __main__ - INFO - åˆ›å»ºç›®å½•: ./data
2025-11-15 17:06:04,826 - __main__ - INFO - é‚®ç®±ç®¡ç†ç³»ç»Ÿåˆå§‹åŒ–å®Œæˆ
2025-11-15 17:06:04,827 - __main__ - INFO - å¼€å§‹æµ‹è¯•ç³»ç»ŸåŠŸèƒ½
2025-11-15 17:06:04,827 - __main__ - INFO - æµ‹è¯•é‚®ä»¶æ¥æ”¶åŠŸèƒ½
2025-11-15 17:06:05,008 - src.services.school_email_client - INFO - æˆåŠŸè¿æ¥åˆ°IMAPæœåŠ¡å™¨: mail.sjtu.edu.cn
2025-11-15 17:06:05,008 - __main__ - INFO - é‚®ä»¶æ¥æ”¶åŠŸèƒ½æµ‹è¯•æˆåŠŸ
2025-11-15 17:06:05,008 - src.services.school_email_client - ERROR - æ–­å¼€IMAPè¿æ¥æ—¶å‡ºé”™: command CLOSE illegal in state AUTH, only allowed in states SELECTED
2025-11-15 17:06:05,008 - __main__ - INFO - æµ‹è¯•é€šçŸ¥åŠŸèƒ½
2025-11-15 17:06:05,008 - src.services.notification_service - INFO - æµ‹è¯•é€šçŸ¥åŠŸèƒ½
2025-11-15 17:06:05,009 - src.services.school_email_client - INFO - æ­£åœ¨è¿æ¥SMTPæœåŠ¡å™¨...
2025-11-15 17:06:05,009 - src.services.school_email_client - INFO - ä½¿ç”¨SSLè¿æ¥åˆ° mail.sjtu.edu.cn:465
2025-11-15 17:06:05,404 - src.services.school_email_client - INFO - é‚®ç®±ç™»å½•æˆåŠŸ
2025-11-15 17:06:06,971 - src.services.school_email_client - ERROR - é‚®ä»¶æ•°æ®é”™è¯¯: (554, b'5.7.1 Spam message rejected')
2025-11-15 17:06:06,971 - src.services.school_email_client - ERROR - å‘é€é‚®ä»¶å¤±è´¥: é‚®ä»¶æ•°æ®é”™è¯¯: (554, b'5.7.1 Spam message rejected')
2025-11-15 17:06:06,972 - src.services.school_email_client - ERROR - è¯¦ç»†é”™è¯¯ä¿¡æ¯: Traceback (most recent call last):
  File "/home/lighthouse/llm_email/src/services/school_email_client.py", line 132, in send_email
    result = server.sendmail(self.school_email, [to_emails], text)
             ^^^^^^^^^^^^^^^^^^^^^^^^^^^^^^^^^^^^^^^^^^^^^^^^^^^^^
  File "/root/miniconda3/envs/llm/lib/python3.11/smtplib.py", line 908, in sendmail
    raise SMTPDataError(code, resp)
smtplib.SMTPDataError: (554, b'5.7.1 Spam message rejected')

During handling of the above exception, another exception occurred:

Traceback (most recent call last):
  File "/home/lighthouse/llm_email/src/services/school_email_client.py", line 150, in send_email
    raise Exception(f"é‚®ä»¶æ•°æ®é”™è¯¯: {str(e)}")
Exception: é‚®ä»¶æ•°æ®é”™è¯¯: (554, b'5.7.1 Spam message rejected')

2025-11-15 17:06:06,979 - src.services.notification_service - ERROR - é€šçŸ¥åŠŸèƒ½æµ‹è¯•å¤±è´¥
2025-11-15 17:06:06,979 - __main__ - WARNING - é€šçŸ¥åŠŸèƒ½æµ‹è¯•å¤±è´¥
2025-11-15 17:06:06,979 - __main__ - INFO - æµ‹è¯•RAGåŠŸèƒ½
2025-11-15 17:06:06,980 - __main__ - INFO - RAGç»Ÿè®¡ä¿¡æ¯: {'total_emails': 1, 'vector_db_path': './vector_db', 'last_updated': '2025-11-15T17:06:06.980025'}
2025-11-15 17:06:06,980 - __main__ - INFO - ç³»ç»ŸåŠŸèƒ½æµ‹è¯•å®Œæˆ
2025-11-15 17:06:06,980 - __main__ - INFO - å¯åŠ¨é‚®ç®±ç®¡ç†ç³»ç»Ÿ
2025-11-15 17:06:06,980 - __main__ - INFO - å¯åŠ¨é‚®ä»¶æ£€æŸ¥å¾ªç¯
2025-11-15 17:06:06,980 - __main__ - INFO - å¯åŠ¨Web API
2025-11-15 17:06:06,980 - __main__ - INFO - æ£€æŸ¥æ–°é‚®ä»¶
2025-11-15 17:06:06,987 - werkzeug - INFO - [31m[1mWARNING: This is a development server. Do not use it in a production deployment. Use a production WSGI server instead.[0m
 * Running on all addresses (0.0.0.0)
 * Running on http://127.0.0.1:5000
 * Running on http://10.0.0.11:5000
2025-11-15 17:06:06,987 - werkzeug - INFO - [33mPress CTRL+C to quit[0m
2025-11-15 17:06:07,083 - src.services.school_email_client - INFO - æˆåŠŸè¿æ¥åˆ°IMAPæœåŠ¡å™¨: mail.sjtu.edu.cn
2025-11-15 17:06:07,099 - src.services.school_email_client - INFO - æ‰¾åˆ° 1 å°é‚®ä»¶
2025-11-15 17:06:07,353 - src.services.school_email_client - INFO - æˆåŠŸè·å– 1 å°é‚®ä»¶
2025-11-15 17:06:07,353 - __main__ - INFO - æ‰¾åˆ° 1 å°æ–°é‚®ä»¶
2025-11-15 17:06:07,353 - src.services.email_processor - INFO - å¼€å§‹å¤„ç†é‚®ä»¶: ç›‘æ§æµ‹è¯•é‚®ä»¶ - 2025-11-15 15:47:22
2025-11-15 17:06:34,147 - httpx - INFO - HTTP Request: POST https://ai.prism.uno/v1/chat/completions "HTTP/1.1 200 OK"
2025-11-15 17:06:52,162 - httpx - INFO - HTTP Request: POST https://ai.prism.uno/v1/chat/completions "HTTP/1.1 200 OK"
2025-11-15 17:06:52,163 - src.services.email_processor - INFO - é‚®ä»¶å¤„ç†å®Œæˆ: ç›‘æ§æµ‹è¯•é‚®ä»¶ - 2025-11-15 15:47:22
2025-11-15 17:06:52,164 - src.services.rag_service - INFO - æ‰¹é‡æ·»åŠ  1 å°é‚®ä»¶åˆ°å‘é‡æ•°æ®åº“
2025-11-15 17:06:52,164 - src.services.rag_service - ERROR - å¤„ç†é‚®ä»¶æ—¶å‡ºé”™: ç›‘æ§æµ‹è¯•é‚®ä»¶ - 2025-11-15 15:47:22, é”™è¯¯: sequence item 0: expected str instance, dict found
2025-11-15 17:06:52,164 - src.services.rag_service - INFO - æˆåŠŸæ·»åŠ  0 å°é‚®ä»¶åˆ°å‘é‡æ•°æ®åº“
2025-11-15 17:06:52,164 - __main__ - INFO - é‚®ä»¶å¤„ç†å®Œæˆï¼Œå…±å¤„ç† 1 å°é‚®ä»¶
2025-11-15 17:10:15,275 - __main__ - INFO - åˆå§‹åŒ–é‚®ç®±ç®¡ç†ç³»ç»Ÿ
2025-11-15 17:10:15,275 - __main__ - INFO - é…ç½®éªŒè¯é€šè¿‡
2025-11-15 17:10:15,276 - src.services.school_email_client - INFO - åˆå§‹åŒ–å­¦æ ¡é‚®ç®±å®¢æˆ·ç«¯: position@sjtu.edu.cn
2025-11-15 17:10:15,473 - src.services.rag_service - INFO - ä½¿ç”¨Qwen embeddingæ¨¡å‹: Qwen/Qwen3-Embedding-8B
2025-11-15 17:10:15,489 - src.services.rag_service - INFO - ä½¿ç”¨Gemini LLMæ¨¡å‹: gemini-2.5-pro
2025-11-15 17:10:15,489 - src.services.rag_service - INFO - åŠ è½½ç°æœ‰å‘é‡æ•°æ®åº“
2025-11-15 17:10:15,490 - faiss.loader - INFO - Loading faiss with AVX512 support.
2025-11-15 17:10:15,511 - faiss.loader - INFO - Successfully loaded faiss with AVX512 support.
2025-11-15 17:10:15,516 - src.services.rag_service - INFO - QAé“¾åˆå§‹åŒ–å®Œæˆ
2025-11-15 17:10:15,516 - src.services.school_email_client - INFO - åˆå§‹åŒ–å­¦æ ¡é‚®ç®±å®¢æˆ·ç«¯: position@sjtu.edu.cn
2025-11-15 17:10:15,516 - src.services.school_email_client - INFO - åˆå§‹åŒ–å­¦æ ¡é‚®ç®±å®¢æˆ·ç«¯: position@sjtu.edu.cn
2025-11-15 17:10:15,516 - __main__ - INFO - åˆ›å»ºç›®å½•: ./vector_db
2025-11-15 17:10:15,516 - __main__ - INFO - åˆ›å»ºç›®å½•: ./logs
2025-11-15 17:10:15,516 - __main__ - INFO - åˆ›å»ºç›®å½•: ./data
2025-11-15 17:10:15,516 - __main__ - INFO - é‚®ç®±ç®¡ç†ç³»ç»Ÿåˆå§‹åŒ–å®Œæˆ
2025-11-15 17:10:15,516 - __main__ - INFO - å¼€å§‹æµ‹è¯•ç³»ç»ŸåŠŸèƒ½
2025-11-15 17:10:15,516 - __main__ - INFO - æµ‹è¯•é‚®ä»¶æ¥æ”¶åŠŸèƒ½
2025-11-15 17:10:15,659 - src.services.school_email_client - INFO - æˆåŠŸè¿æ¥åˆ°IMAPæœåŠ¡å™¨: mail.sjtu.edu.cn
2025-11-15 17:10:15,660 - __main__ - INFO - é‚®ä»¶æ¥æ”¶åŠŸèƒ½æµ‹è¯•æˆåŠŸ
2025-11-15 17:10:15,660 - src.services.school_email_client - ERROR - æ–­å¼€IMAPè¿æ¥æ—¶å‡ºé”™: command CLOSE illegal in state AUTH, only allowed in states SELECTED
2025-11-15 17:10:15,660 - __main__ - INFO - æµ‹è¯•é€šçŸ¥åŠŸèƒ½
2025-11-15 17:10:15,660 - src.services.notification_service - INFO - æµ‹è¯•é€šçŸ¥åŠŸèƒ½
2025-11-15 17:10:15,660 - src.services.school_email_client - INFO - æ­£åœ¨è¿æ¥SMTPæœåŠ¡å™¨...
2025-11-15 17:10:15,660 - src.services.school_email_client - INFO - ä½¿ç”¨SSLè¿æ¥åˆ° mail.sjtu.edu.cn:465
2025-11-15 17:10:16,003 - src.services.school_email_client - INFO - é‚®ç®±ç™»å½•æˆåŠŸ
2025-11-15 17:10:16,927 - src.services.school_email_client - INFO - é‚®ä»¶å‘é€æˆåŠŸ! æ”¶ä»¶äºº: 13353060806@vip.163.com
2025-11-15 17:10:16,933 - src.services.notification_service - INFO - é€šçŸ¥åŠŸèƒ½æµ‹è¯•æˆåŠŸ
2025-11-15 17:10:16,933 - __main__ - INFO - é€šçŸ¥åŠŸèƒ½æµ‹è¯•æˆåŠŸ
2025-11-15 17:10:16,933 - __main__ - INFO - æµ‹è¯•RAGåŠŸèƒ½
2025-11-15 17:10:16,934 - __main__ - INFO - RAGç»Ÿè®¡ä¿¡æ¯: {'total_emails': 1, 'vector_db_path': './vector_db', 'last_updated': '2025-11-15T17:10:16.934039'}
2025-11-15 17:10:16,934 - __main__ - INFO - ç³»ç»ŸåŠŸèƒ½æµ‹è¯•å®Œæˆ
2025-11-15 17:10:16,934 - __main__ - INFO - å¯åŠ¨é‚®ç®±ç®¡ç†ç³»ç»Ÿ
2025-11-15 17:10:16,934 - __main__ - INFO - å¯åŠ¨é‚®ä»¶æ£€æŸ¥å¾ªç¯
2025-11-15 17:10:16,934 - __main__ - INFO - å¯åŠ¨Web API
2025-11-15 17:10:16,934 - __main__ - INFO - æ£€æŸ¥æ–°é‚®ä»¶
2025-11-15 17:10:16,944 - werkzeug - INFO - [31m[1mWARNING: This is a development server. Do not use it in a production deployment. Use a production WSGI server instead.[0m
 * Running on all addresses (0.0.0.0)
 * Running on http://127.0.0.1:5000
 * Running on http://10.0.0.11:5000
2025-11-15 17:10:16,944 - werkzeug - INFO - [33mPress CTRL+C to quit[0m
2025-11-15 17:10:17,061 - src.services.school_email_client - INFO - æˆåŠŸè¿æ¥åˆ°IMAPæœåŠ¡å™¨: mail.sjtu.edu.cn
2025-11-15 17:10:17,076 - src.services.school_email_client - INFO - æ‰¾åˆ° 0 å°é‚®ä»¶
2025-11-15 17:10:17,077 - src.services.school_email_client - INFO - æˆåŠŸè·å– 0 å°é‚®ä»¶
2025-11-15 17:10:17,077 - __main__ - INFO - æ²¡æœ‰æ–°é‚®ä»¶
2025-11-15 17:13:45,005 - __main__ - INFO - åˆå§‹åŒ–é‚®ç®±ç®¡ç†ç³»ç»Ÿ
2025-11-15 17:13:45,005 - __main__ - INFO - é…ç½®éªŒè¯é€šè¿‡
2025-11-15 17:13:45,005 - src.services.school_email_client - INFO - åˆå§‹åŒ–å­¦æ ¡é‚®ç®±å®¢æˆ·ç«¯: position@sjtu.edu.cn
2025-11-15 17:13:45,203 - src.services.rag_service - INFO - ä½¿ç”¨Qwen embeddingæ¨¡å‹: Qwen/Qwen3-Embedding-8B
2025-11-15 17:13:45,219 - src.services.rag_service - INFO - ä½¿ç”¨Gemini LLMæ¨¡å‹: gemini-2.5-pro
2025-11-15 17:13:45,219 - src.services.rag_service - INFO - åŠ è½½ç°æœ‰å‘é‡æ•°æ®åº“
2025-11-15 17:13:45,220 - faiss.loader - INFO - Loading faiss with AVX512 support.
2025-11-15 17:13:45,242 - faiss.loader - INFO - Successfully loaded faiss with AVX512 support.
2025-11-15 17:13:45,247 - src.services.rag_service - INFO - QAé“¾åˆå§‹åŒ–å®Œæˆ
2025-11-15 17:13:45,247 - src.services.school_email_client - INFO - åˆå§‹åŒ–å­¦æ ¡é‚®ç®±å®¢æˆ·ç«¯: position@sjtu.edu.cn
2025-11-15 17:13:45,247 - src.services.school_email_client - INFO - åˆå§‹åŒ–å­¦æ ¡é‚®ç®±å®¢æˆ·ç«¯: position@sjtu.edu.cn
2025-11-15 17:13:45,247 - __main__ - INFO - åˆ›å»ºç›®å½•: ./vector_db
2025-11-15 17:13:45,247 - __main__ - INFO - åˆ›å»ºç›®å½•: ./logs
2025-11-15 17:13:45,247 - __main__ - INFO - åˆ›å»ºç›®å½•: ./data
2025-11-15 17:13:45,247 - __main__ - INFO - é‚®ç®±ç®¡ç†ç³»ç»Ÿåˆå§‹åŒ–å®Œæˆ
2025-11-15 17:13:45,247 - __main__ - INFO - å¼€å§‹æµ‹è¯•ç³»ç»ŸåŠŸèƒ½
2025-11-15 17:13:45,247 - __main__ - INFO - æµ‹è¯•é‚®ä»¶æ¥æ”¶åŠŸèƒ½
2025-11-15 17:13:45,360 - src.services.school_email_client - INFO - æˆåŠŸè¿æ¥åˆ°IMAPæœåŠ¡å™¨: mail.sjtu.edu.cn
2025-11-15 17:13:45,360 - __main__ - INFO - é‚®ä»¶æ¥æ”¶åŠŸèƒ½æµ‹è¯•æˆåŠŸ
2025-11-15 17:13:45,360 - src.services.school_email_client - ERROR - æ–­å¼€IMAPè¿æ¥æ—¶å‡ºé”™: command CLOSE illegal in state AUTH, only allowed in states SELECTED
2025-11-15 17:13:45,360 - __main__ - INFO - æµ‹è¯•é€šçŸ¥åŠŸèƒ½
2025-11-15 17:13:45,360 - src.services.notification_service - INFO - æµ‹è¯•é€šçŸ¥åŠŸèƒ½
2025-11-15 17:13:45,361 - src.services.school_email_client - INFO - æ­£åœ¨è¿æ¥SMTPæœåŠ¡å™¨...
2025-11-15 17:13:45,361 - src.services.school_email_client - INFO - ä½¿ç”¨SSLè¿æ¥åˆ° mail.sjtu.edu.cn:465
2025-11-15 17:13:45,775 - src.services.school_email_client - INFO - é‚®ç®±ç™»å½•æˆåŠŸ
2025-11-15 17:13:46,693 - src.services.school_email_client - INFO - é‚®ä»¶å‘é€æˆåŠŸ! æ”¶ä»¶äºº: 13353060806@vip.163.com
2025-11-15 17:13:46,699 - src.services.notification_service - INFO - é€šçŸ¥åŠŸèƒ½æµ‹è¯•æˆåŠŸ
2025-11-15 17:13:46,699 - __main__ - INFO - é€šçŸ¥åŠŸèƒ½æµ‹è¯•æˆåŠŸ
2025-11-15 17:13:46,699 - __main__ - INFO - æµ‹è¯•RAGåŠŸèƒ½
2025-11-15 17:13:46,699 - __main__ - INFO - RAGç»Ÿè®¡ä¿¡æ¯: {'total_emails': 1, 'vector_db_path': './vector_db', 'last_updated': '2025-11-15T17:13:46.699601'}
2025-11-15 17:13:46,699 - __main__ - INFO - ç³»ç»ŸåŠŸèƒ½æµ‹è¯•å®Œæˆ
2025-11-15 17:13:46,699 - __main__ - INFO - å¯åŠ¨é‚®ç®±ç®¡ç†ç³»ç»Ÿ
2025-11-15 17:13:46,700 - __main__ - INFO - å¯åŠ¨é‚®ä»¶æ£€æŸ¥å¾ªç¯
2025-11-15 17:13:46,700 - __main__ - INFO - å¯åŠ¨Web API
2025-11-15 17:13:46,700 - __main__ - INFO - æ£€æŸ¥æ–°é‚®ä»¶
2025-11-15 17:13:46,707 - werkzeug - INFO - [31m[1mWARNING: This is a development server. Do not use it in a production deployment. Use a production WSGI server instead.[0m
 * Running on all addresses (0.0.0.0)
 * Running on http://127.0.0.1:5000
 * Running on http://10.0.0.11:5000
2025-11-15 17:13:46,707 - werkzeug - INFO - [33mPress CTRL+C to quit[0m
2025-11-15 17:13:46,811 - src.services.school_email_client - INFO - æˆåŠŸè¿æ¥åˆ°IMAPæœåŠ¡å™¨: mail.sjtu.edu.cn
2025-11-15 17:13:46,842 - src.services.school_email_client - INFO - æ‰¾åˆ° 0 å°é‚®ä»¶
2025-11-15 17:13:46,842 - src.services.school_email_client - INFO - æˆåŠŸè·å– 0 å°é‚®ä»¶
2025-11-15 17:13:46,842 - __main__ - INFO - æ²¡æœ‰æ–°é‚®ä»¶
2025-11-15 17:13:56,842 - __main__ - INFO - æ£€æŸ¥æ–°é‚®ä»¶
2025-11-15 17:13:56,885 - src.services.school_email_client - INFO - æ‰¾åˆ° 0 å°é‚®ä»¶
2025-11-15 17:13:56,885 - src.services.school_email_client - INFO - æˆåŠŸè·å– 0 å°é‚®ä»¶
2025-11-15 17:13:56,885 - __main__ - INFO - æ²¡æœ‰æ–°é‚®ä»¶
2025-11-15 17:14:06,885 - __main__ - INFO - æ£€æŸ¥æ–°é‚®ä»¶
2025-11-15 17:14:06,905 - src.services.school_email_client - INFO - æ‰¾åˆ° 0 å°é‚®ä»¶
2025-11-15 17:14:06,906 - src.services.school_email_client - INFO - æˆåŠŸè·å– 0 å°é‚®ä»¶
2025-11-15 17:14:06,906 - __main__ - INFO - æ²¡æœ‰æ–°é‚®ä»¶
2025-11-15 17:14:16,906 - __main__ - INFO - æ£€æŸ¥æ–°é‚®ä»¶
2025-11-15 17:14:16,926 - src.services.school_email_client - INFO - æ‰¾åˆ° 0 å°é‚®ä»¶
2025-11-15 17:14:16,926 - src.services.school_email_client - INFO - æˆåŠŸè·å– 0 å°é‚®ä»¶
2025-11-15 17:14:16,926 - __main__ - INFO - æ²¡æœ‰æ–°é‚®ä»¶
2025-11-15 17:14:26,926 - __main__ - INFO - æ£€æŸ¥æ–°é‚®ä»¶
2025-11-15 17:14:26,946 - src.services.school_email_client - INFO - æ‰¾åˆ° 0 å°é‚®ä»¶
2025-11-15 17:14:26,946 - src.services.school_email_client - INFO - æˆåŠŸè·å– 0 å°é‚®ä»¶
2025-11-15 17:14:26,946 - __main__ - INFO - æ²¡æœ‰æ–°é‚®ä»¶
2025-11-15 17:14:36,946 - __main__ - INFO - æ£€æŸ¥æ–°é‚®ä»¶
2025-11-15 17:14:36,977 - src.services.school_email_client - INFO - æ‰¾åˆ° 1 å°é‚®ä»¶
2025-11-15 17:14:37,787 - src.services.school_email_client - INFO - æˆåŠŸè·å– 1 å°é‚®ä»¶
2025-11-15 17:14:37,787 - __main__ - INFO - æ‰¾åˆ° 1 å°æ–°é‚®ä»¶
2025-11-15 17:14:37,787 - src.services.email_processor - INFO - å¼€å§‹å¤„ç†é‚®ä»¶: Re: [æµ‹è¯•] é€šçŸ¥åŠŸèƒ½éªŒè¯
2025-11-15 17:15:05,112 - httpx - INFO - HTTP Request: POST https://ai.prism.uno/v1/chat/completions "HTTP/1.1 200 OK"
2025-11-15 17:15:18,404 - httpx - INFO - HTTP Request: POST https://ai.prism.uno/v1/chat/completions "HTTP/1.1 200 OK"
2025-11-15 17:15:18,405 - src.services.email_processor - INFO - é‚®ä»¶å¤„ç†å®Œæˆ: Re: [æµ‹è¯•] é€šçŸ¥åŠŸèƒ½éªŒè¯
2025-11-15 17:15:18,405 - src.services.rag_service - INFO - æ‰¹é‡æ·»åŠ  1 å°é‚®ä»¶åˆ°å‘é‡æ•°æ®åº“
2025-11-15 17:15:18,405 - src.services.rag_service - ERROR - å¤„ç†é‚®ä»¶æ—¶å‡ºé”™: Re: [æµ‹è¯•] é€šçŸ¥åŠŸèƒ½éªŒè¯, é”™è¯¯: sequence item 0: expected str instance, dict found
2025-11-15 17:15:18,405 - src.services.rag_service - INFO - æˆåŠŸæ·»åŠ  0 å°é‚®ä»¶åˆ°å‘é‡æ•°æ®åº“
2025-11-15 17:15:18,405 - __main__ - INFO - å‘ç° 1 å°é‡è¦é‚®ä»¶
2025-11-15 17:15:18,406 - src.services.notification_service - INFO - æ‰¹é‡å‘é€ 1 å°é‡è¦é‚®ä»¶é€šçŸ¥
2025-11-15 17:15:18,406 - src.services.notification_service - INFO - å‘é€é‡è¦é‚®ä»¶é€šçŸ¥: Re: [æµ‹è¯•] é€šçŸ¥åŠŸèƒ½éªŒè¯
2025-11-15 17:15:18,406 - src.services.school_email_client - INFO - æ­£åœ¨è¿æ¥SMTPæœåŠ¡å™¨...
2025-11-15 17:15:18,406 - src.services.school_email_client - INFO - ä½¿ç”¨SSLè¿æ¥åˆ° mail.sjtu.edu.cn:465
2025-11-15 17:15:18,819 - src.services.school_email_client - INFO - é‚®ç®±ç™»å½•æˆåŠŸ
2025-11-15 17:15:19,728 - src.services.school_email_client - INFO - é‚®ä»¶å‘é€æˆåŠŸ! æ”¶ä»¶äºº: 13353060806@vip.163.com
2025-11-15 17:15:19,734 - src.services.notification_service - INFO - é‡è¦é‚®ä»¶é€šçŸ¥å‘é€æˆåŠŸ: Re: [æµ‹è¯•] é€šçŸ¥åŠŸèƒ½éªŒè¯
2025-11-15 17:15:19,734 - __main__ - INFO - é‚®ä»¶å¤„ç†å®Œæˆï¼Œå…±å¤„ç† 1 å°é‚®ä»¶
2025-11-15 17:15:29,734 - __main__ - INFO - æ£€æŸ¥æ–°é‚®ä»¶
2025-11-15 17:15:29,777 - src.services.school_email_client - INFO - æ‰¾åˆ° 0 å°é‚®ä»¶
2025-11-15 17:15:29,777 - src.services.school_email_client - INFO - æˆåŠŸè·å– 0 å°é‚®ä»¶
2025-11-15 17:15:29,777 - __main__ - INFO - æ²¡æœ‰æ–°é‚®ä»¶
2025-11-15 17:15:39,777 - __main__ - INFO - æ£€æŸ¥æ–°é‚®ä»¶
2025-11-15 17:15:39,895 - src.services.school_email_client - INFO - æ‰¾åˆ° 0 å°é‚®ä»¶
2025-11-15 17:15:39,896 - src.services.school_email_client - INFO - æˆåŠŸè·å– 0 å°é‚®ä»¶
2025-11-15 17:15:39,896 - __main__ - INFO - æ²¡æœ‰æ–°é‚®ä»¶
2025-11-15 17:15:49,896 - __main__ - INFO - æ£€æŸ¥æ–°é‚®ä»¶
2025-11-15 17:15:49,916 - src.services.school_email_client - INFO - æ‰¾åˆ° 0 å°é‚®ä»¶
2025-11-15 17:15:49,916 - src.services.school_email_client - INFO - æˆåŠŸè·å– 0 å°é‚®ä»¶
2025-11-15 17:15:49,916 - __main__ - INFO - æ²¡æœ‰æ–°é‚®ä»¶
2025-11-15 17:15:59,917 - __main__ - INFO - æ£€æŸ¥æ–°é‚®ä»¶
2025-11-15 17:15:59,937 - src.services.school_email_client - INFO - æ‰¾åˆ° 0 å°é‚®ä»¶
2025-11-15 17:15:59,938 - src.services.school_email_client - INFO - æˆåŠŸè·å– 0 å°é‚®ä»¶
2025-11-15 17:15:59,938 - __main__ - INFO - æ²¡æœ‰æ–°é‚®ä»¶
2025-11-18 11:17:05,049 - __main__ - INFO - åˆå§‹åŒ–é‚®ç®±ç®¡ç†ç³»ç»Ÿ
2025-11-18 11:17:05,050 - __main__ - INFO - é…ç½®éªŒè¯é€šè¿‡
2025-11-18 11:17:05,050 - src.services.school_email_client - INFO - åˆå§‹åŒ–å­¦æ ¡é‚®ç®±å®¢æˆ·ç«¯: position@sjtu.edu.cn
2025-11-18 11:17:05,584 - src.services.rag_service - INFO - ä½¿ç”¨Qwen embeddingæ¨¡å‹: Qwen/Qwen3-Embedding-8B
2025-11-18 11:17:05,600 - src.services.rag_service - INFO - ä½¿ç”¨Gemini LLMæ¨¡å‹: gemini-2.5-pro
2025-11-18 11:17:05,600 - src.services.rag_service - INFO - åŠ è½½ç°æœ‰å‘é‡æ•°æ®åº“
2025-11-18 11:17:05,605 - faiss.loader - INFO - Loading faiss with AVX512 support.
2025-11-18 11:17:05,728 - faiss.loader - INFO - Successfully loaded faiss with AVX512 support.
2025-11-18 11:17:05,754 - src.services.rag_service - INFO - QAé“¾åˆå§‹åŒ–å®Œæˆ
2025-11-18 11:17:05,754 - src.services.school_email_client - INFO - åˆå§‹åŒ–å­¦æ ¡é‚®ç®±å®¢æˆ·ç«¯: position@sjtu.edu.cn
2025-11-18 11:17:05,754 - src.services.school_email_client - INFO - åˆå§‹åŒ–å­¦æ ¡é‚®ç®±å®¢æˆ·ç«¯: position@sjtu.edu.cn
2025-11-18 11:17:05,754 - __main__ - INFO - åˆ›å»ºç›®å½•: ./vector_db
2025-11-18 11:17:05,754 - __main__ - INFO - åˆ›å»ºç›®å½•: ./logs
2025-11-18 11:17:05,754 - __main__ - INFO - åˆ›å»ºç›®å½•: ./data
2025-11-18 11:17:05,754 - __main__ - INFO - é‚®ç®±ç®¡ç†ç³»ç»Ÿåˆå§‹åŒ–å®Œæˆ
2025-11-18 11:17:05,754 - __main__ - INFO - å¼€å§‹æµ‹è¯•ç³»ç»ŸåŠŸèƒ½
2025-11-18 11:17:05,754 - __main__ - INFO - æµ‹è¯•é‚®ä»¶æ¥æ”¶åŠŸèƒ½
2025-11-18 11:17:05,940 - src.services.school_email_client - INFO - æˆåŠŸè¿æ¥åˆ°IMAPæœåŠ¡å™¨: mail.sjtu.edu.cn
2025-11-18 11:17:05,940 - __main__ - INFO - é‚®ä»¶æ¥æ”¶åŠŸèƒ½æµ‹è¯•æˆåŠŸ
2025-11-18 11:17:05,940 - src.services.school_email_client - ERROR - æ–­å¼€IMAPè¿æ¥æ—¶å‡ºé”™: command CLOSE illegal in state AUTH, only allowed in states SELECTED
2025-11-18 11:17:05,940 - __main__ - INFO - æµ‹è¯•é€šçŸ¥åŠŸèƒ½
2025-11-18 11:17:05,940 - src.services.notification_service - INFO - æµ‹è¯•é€šçŸ¥åŠŸèƒ½
2025-11-18 11:17:05,943 - src.services.school_email_client - INFO - æ­£åœ¨è¿æ¥SMTPæœåŠ¡å™¨...
2025-11-18 11:17:05,943 - src.services.school_email_client - INFO - ä½¿ç”¨SSLè¿æ¥åˆ° mail.sjtu.edu.cn:465
2025-11-18 11:17:06,390 - src.services.school_email_client - INFO - é‚®ç®±ç™»å½•æˆåŠŸ
2025-11-18 11:17:07,898 - src.services.school_email_client - INFO - é‚®ä»¶å‘é€æˆåŠŸ! æ”¶ä»¶äºº: 13353060806@vip.163.com
2025-11-18 11:17:07,905 - src.services.notification_service - INFO - é€šçŸ¥åŠŸèƒ½æµ‹è¯•æˆåŠŸ
2025-11-18 11:17:07,905 - __main__ - INFO - é€šçŸ¥åŠŸèƒ½æµ‹è¯•æˆåŠŸ
2025-11-18 11:17:07,905 - __main__ - INFO - æµ‹è¯•RAGåŠŸèƒ½
2025-11-18 11:17:07,905 - __main__ - INFO - RAGç»Ÿè®¡ä¿¡æ¯: {'total_emails': 1, 'vector_db_path': './vector_db', 'last_updated': '2025-11-18T11:17:07.905638'}
2025-11-18 11:17:07,905 - __main__ - INFO - ç³»ç»ŸåŠŸèƒ½æµ‹è¯•å®Œæˆ
2025-11-18 11:17:07,905 - __main__ - INFO - å¯åŠ¨é‚®ç®±ç®¡ç†ç³»ç»Ÿ
2025-11-18 11:17:07,906 - __main__ - INFO - å¯åŠ¨é‚®ä»¶æ£€æŸ¥å¾ªç¯
2025-11-18 11:17:07,906 - __main__ - INFO - å¯åŠ¨Web API
2025-11-18 11:17:07,906 - __main__ - INFO - æ£€æŸ¥æ–°é‚®ä»¶
2025-11-18 11:17:07,918 - werkzeug - INFO - [31m[1mWARNING: This is a development server. Do not use it in a production deployment. Use a production WSGI server instead.[0m
 * Running on all addresses (0.0.0.0)
 * Running on http://127.0.0.1:5000
 * Running on http://10.0.0.11:5000
2025-11-18 11:17:07,918 - werkzeug - INFO - [33mPress CTRL+C to quit[0m
2025-11-18 11:17:08,063 - src.services.school_email_client - INFO - æˆåŠŸè¿æ¥åˆ°IMAPæœåŠ¡å™¨: mail.sjtu.edu.cn
2025-11-18 11:17:08,079 - src.services.school_email_client - INFO - æ‰¾åˆ° 9 å°é‚®ä»¶
2025-11-18 11:17:10,670 - src.services.school_email_client - INFO - æˆåŠŸè·å– 9 å°é‚®ä»¶
2025-11-18 11:17:10,670 - __main__ - INFO - æ‰¾åˆ° 9 å°æ–°é‚®ä»¶
2025-11-18 11:17:10,670 - src.services.email_processor - INFO - å¼€å§‹å¤„ç†é‚®ä»¶: å…³äº2026å¹´å›½å®¶ç•™å­¦åŸºé‡‘å§”ä¸æ¾³å¤§åˆ©äºšã€åŠ æ‹¿å¤§éƒ¨åˆ†é«˜æ ¡åˆä½œå¥–å­¦é‡‘é¡¹ç›®ç”³æŠ¥å·¥ä½œåŠå®£è®²ä¼šçš„é€šçŸ¥
2025-11-18 11:17:42,945 - httpx - INFO - HTTP Request: POST https://ai.prism.uno/v1/chat/completions "HTTP/1.1 200 OK"
2025-11-18 11:17:58,157 - httpx - INFO - HTTP Request: POST https://ai.prism.uno/v1/chat/completions "HTTP/1.1 200 OK"
2025-11-18 11:17:58,162 - src.services.email_processor - INFO - é‚®ä»¶å¤„ç†å®Œæˆ: å…³äº2026å¹´å›½å®¶ç•™å­¦åŸºé‡‘å§”ä¸æ¾³å¤§åˆ©äºšã€åŠ æ‹¿å¤§éƒ¨åˆ†é«˜æ ¡åˆä½œå¥–å­¦é‡‘é¡¹ç›®ç”³æŠ¥å·¥ä½œåŠå®£è®²ä¼šçš„é€šçŸ¥
2025-11-18 11:17:58,162 - src.services.email_processor - INFO - å¼€å§‹å¤„ç†é‚®ä»¶: ã€é˜¿é‡Œäº‘ã€‘åŸŸåèµå›é€šçŸ¥
2025-11-18 11:18:21,562 - httpx - INFO - HTTP Request: POST https://ai.prism.uno/v1/chat/completions "HTTP/1.1 200 OK"
2025-11-18 11:18:37,633 - httpx - INFO - HTTP Request: POST https://ai.prism.uno/v1/chat/completions "HTTP/1.1 200 OK"
2025-11-18 11:18:37,636 - src.services.email_processor - INFO - é‚®ä»¶å¤„ç†å®Œæˆ: ã€é˜¿é‡Œäº‘ã€‘åŸŸåèµå›é€šçŸ¥
2025-11-18 11:18:37,636 - src.services.email_processor - INFO - å¼€å§‹å¤„ç†é‚®ä»¶: 2025å¹´ç§‹å­£å­¦æœŸç›´åšç”Ÿå¸ˆç”Ÿäº’é€‰è¯´æ˜ï¼ˆç¬¬äºŒæ‰¹ï¼‰
2025-11-18 11:18:39,479 - httpx - INFO - HTTP Request: POST https://ai.prism.uno/v1/chat/completions "HTTP/1.1 500 Internal Server Error"
2025-11-18 11:18:39,481 - openai._base_client - INFO - Retrying request to /chat/completions in 0.466150 seconds
2025-11-18 11:19:02,701 - __main__ - INFO - åˆå§‹åŒ–é‚®ç®±ç®¡ç†ç³»ç»Ÿ
2025-11-18 11:19:02,702 - __main__ - INFO - é…ç½®éªŒè¯é€šè¿‡
2025-11-18 11:19:02,702 - src.services.school_email_client - INFO - åˆå§‹åŒ–å­¦æ ¡é‚®ç®±å®¢æˆ·ç«¯: position@sjtu.edu.cn
2025-11-18 11:19:03,115 - src.services.rag_service - INFO - ä½¿ç”¨Qwen embeddingæ¨¡å‹: Qwen/Qwen3-Embedding-8B
2025-11-18 11:19:03,134 - src.services.rag_service - INFO - ä½¿ç”¨Gemini LLMæ¨¡å‹: gemini-2.5-pro
2025-11-18 11:19:03,135 - src.services.rag_service - INFO - åŠ è½½ç°æœ‰å‘é‡æ•°æ®åº“
2025-11-18 11:19:03,139 - faiss.loader - INFO - Loading faiss with AVX512 support.
2025-11-18 11:19:03,207 - faiss.loader - INFO - Successfully loaded faiss with AVX512 support.
2025-11-18 11:19:03,226 - src.services.rag_service - INFO - QAé“¾åˆå§‹åŒ–å®Œæˆ
2025-11-18 11:19:03,226 - src.services.school_email_client - INFO - åˆå§‹åŒ–å­¦æ ¡é‚®ç®±å®¢æˆ·ç«¯: position@sjtu.edu.cn
2025-11-18 11:19:03,227 - src.services.school_email_client - INFO - åˆå§‹åŒ–å­¦æ ¡é‚®ç®±å®¢æˆ·ç«¯: position@sjtu.edu.cn
2025-11-18 11:19:03,227 - __main__ - INFO - åˆ›å»ºç›®å½•: ./vector_db
2025-11-18 11:19:03,227 - __main__ - INFO - åˆ›å»ºç›®å½•: ./logs
2025-11-18 11:19:03,227 - __main__ - INFO - åˆ›å»ºç›®å½•: ./data
2025-11-18 11:19:03,227 - __main__ - INFO - é‚®ç®±ç®¡ç†ç³»ç»Ÿåˆå§‹åŒ–å®Œæˆ
2025-11-18 11:19:03,227 - __main__ - INFO - å¼€å§‹æµ‹è¯•ç³»ç»ŸåŠŸèƒ½
2025-11-18 11:19:03,227 - __main__ - INFO - æµ‹è¯•é‚®ä»¶æ¥æ”¶åŠŸèƒ½
2025-11-18 11:19:03,330 - src.services.school_email_client - INFO - æˆåŠŸè¿æ¥åˆ°IMAPæœåŠ¡å™¨: mail.sjtu.edu.cn
2025-11-18 11:19:03,330 - __main__ - INFO - é‚®ä»¶æ¥æ”¶åŠŸèƒ½æµ‹è¯•æˆåŠŸ
2025-11-18 11:19:03,331 - src.services.school_email_client - ERROR - æ–­å¼€IMAPè¿æ¥æ—¶å‡ºé”™: command CLOSE illegal in state AUTH, only allowed in states SELECTED
2025-11-18 11:19:03,331 - __main__ - INFO - æµ‹è¯•é€šçŸ¥åŠŸèƒ½
2025-11-18 11:19:03,331 - src.services.notification_service - INFO - æµ‹è¯•é€šçŸ¥åŠŸèƒ½
2025-11-18 11:19:03,332 - src.services.school_email_client - INFO - æ­£åœ¨è¿æ¥SMTPæœåŠ¡å™¨...
2025-11-18 11:19:03,332 - src.services.school_email_client - INFO - ä½¿ç”¨SSLè¿æ¥åˆ° mail.sjtu.edu.cn:465
2025-11-18 11:19:03,730 - src.services.school_email_client - INFO - é‚®ç®±ç™»å½•æˆåŠŸ
2025-11-18 11:19:05,308 - src.services.school_email_client - INFO - é‚®ä»¶å‘é€æˆåŠŸ! æ”¶ä»¶äºº: 13353060806@vip.163.com
2025-11-18 11:19:05,315 - src.services.notification_service - INFO - é€šçŸ¥åŠŸèƒ½æµ‹è¯•æˆåŠŸ
2025-11-18 11:19:05,315 - __main__ - INFO - é€šçŸ¥åŠŸèƒ½æµ‹è¯•æˆåŠŸ
2025-11-18 11:19:05,315 - __main__ - INFO - æµ‹è¯•RAGåŠŸèƒ½
2025-11-18 11:19:05,315 - __main__ - INFO - RAGç»Ÿè®¡ä¿¡æ¯: {'total_emails': 1, 'vector_db_path': './vector_db', 'last_updated': '2025-11-18T11:19:05.315459'}
2025-11-18 11:19:05,315 - __main__ - INFO - ç³»ç»ŸåŠŸèƒ½æµ‹è¯•å®Œæˆ
2025-11-18 11:19:05,315 - __main__ - INFO - å¯åŠ¨é‚®ç®±ç®¡ç†ç³»ç»Ÿ
2025-11-18 11:19:05,315 - __main__ - INFO - å¯åŠ¨é‚®ä»¶æ£€æŸ¥å¾ªç¯
2025-11-18 11:19:05,316 - __main__ - INFO - å¯åŠ¨Web API
2025-11-18 11:19:05,316 - __main__ - INFO - æ£€æŸ¥æ–°é‚®ä»¶
2025-11-18 11:19:05,325 - werkzeug - INFO - [31m[1mWARNING: This is a development server. Do not use it in a production deployment. Use a production WSGI server instead.[0m
 * Running on all addresses (0.0.0.0)
 * Running on http://127.0.0.1:5000
 * Running on http://10.0.0.11:5000
2025-11-18 11:19:05,325 - werkzeug - INFO - [33mPress CTRL+C to quit[0m
2025-11-18 11:19:05,426 - src.services.school_email_client - INFO - æˆåŠŸè¿æ¥åˆ°IMAPæœåŠ¡å™¨: mail.sjtu.edu.cn
2025-11-18 11:19:05,444 - src.services.school_email_client - INFO - æ‰¾åˆ° 0 å°é‚®ä»¶
2025-11-18 11:19:05,444 - src.services.school_email_client - INFO - æˆåŠŸè·å– 0 å°é‚®ä»¶
2025-11-18 11:19:05,444 - __main__ - INFO - æ²¡æœ‰æ–°é‚®ä»¶
2025-11-18 11:19:15,444 - __main__ - INFO - æ£€æŸ¥æ–°é‚®ä»¶
2025-11-18 11:19:15,470 - src.services.school_email_client - INFO - æ‰¾åˆ° 0 å°é‚®ä»¶
2025-11-18 11:19:15,470 - src.services.school_email_client - INFO - æˆåŠŸè·å– 0 å°é‚®ä»¶
2025-11-18 11:19:15,470 - __main__ - INFO - æ²¡æœ‰æ–°é‚®ä»¶
2025-11-18 11:19:25,471 - __main__ - INFO - æ£€æŸ¥æ–°é‚®ä»¶
2025-11-18 11:19:25,497 - src.services.school_email_client - INFO - æ‰¾åˆ° 0 å°é‚®ä»¶
2025-11-18 11:19:25,498 - src.services.school_email_client - INFO - æˆåŠŸè·å– 0 å°é‚®ä»¶
2025-11-18 11:19:25,498 - __main__ - INFO - æ²¡æœ‰æ–°é‚®ä»¶
2025-11-18 11:19:35,498 - __main__ - INFO - æ£€æŸ¥æ–°é‚®ä»¶
2025-11-18 11:19:35,524 - src.services.school_email_client - INFO - æ‰¾åˆ° 0 å°é‚®ä»¶
2025-11-18 11:19:35,524 - src.services.school_email_client - INFO - æˆåŠŸè·å– 0 å°é‚®ä»¶
2025-11-18 11:19:35,524 - __main__ - INFO - æ²¡æœ‰æ–°é‚®ä»¶
2025-11-18 11:19:45,525 - __main__ - INFO - æ£€æŸ¥æ–°é‚®ä»¶
2025-11-18 11:19:45,551 - src.services.school_email_client - INFO - æ‰¾åˆ° 0 å°é‚®ä»¶
2025-11-18 11:19:45,551 - src.services.school_email_client - INFO - æˆåŠŸè·å– 0 å°é‚®ä»¶
2025-11-18 11:19:45,551 - __main__ - INFO - æ²¡æœ‰æ–°é‚®ä»¶
